⚠ [7216/7218] Replayed Theorems.Thm_gsimple_g_m_perfect
warning: Theorems/Thm_gsimple_g_m_perfect.lean:5:8: declaration uses 'sorry'
⚠ [7217/7218] Replayed Solutions.Sol_gsimple_g_m_perfect
warning: Solutions/Sol_gsimple_g_m_perfect.lean:99:6: try 'simp' instead of 'simpa'

Note: This linter can be disabled with `set_option linter.unnecessarySimpa false`
info: Solutions/Sol_gsimple_g_m_perfect.lean:158:73: Try this: ring_nf
warning: Solutions/Sol_gsimple_g_m_perfect.lean:239:49: this tactic is never executed

Note: This linter can be disabled with `set_option linter.unreachableTactic false`
warning: Solutions/Sol_gsimple_g_m_perfect.lean:239:7: 'intros' tactic does nothing

Note: This linter can be disabled with `set_option linter.unusedTactic false`
warning: Solutions/Sol_gsimple_g_m_perfect.lean:239:49: 'assumption' tactic does nothing

Note: This linter can be disabled with `set_option linter.unusedTactic false`
warning: Solutions/Sol_gsimple_g_m_perfect.lean:276:8: this tactic is never executed

Note: This linter can be disabled with `set_option linter.unreachableTactic false`
warning: Solutions/Sol_gsimple_g_m_perfect.lean:282:8: this tactic is never executed

Note: This linter can be disabled with `set_option linter.unreachableTactic false`
warning: Solutions/Sol_gsimple_g_m_perfect.lean:283:8: this tactic is never executed

Note: This linter can be disabled with `set_option linter.unreachableTactic false`
warning: Solutions/Sol_gsimple_g_m_perfect.lean:287:6: this tactic is never executed

Note: This linter can be disabled with `set_option linter.unreachableTactic false`
warning: Solutions/Sol_gsimple_g_m_perfect.lean:276:8: 'simpa using h1' tactic does nothing

Note: This linter can be disabled with `set_option linter.unusedTactic false`
warning: Solutions/Sol_gsimple_g_m_perfect.lean:282:8: '(rw [mul_comm]; exact div_mul_cancel₀ u ht)' tactic does nothing

Note: This linter can be disabled with `set_option linter.unusedTactic false`
warning: Solutions/Sol_gsimple_g_m_perfect.lean:283:8: 'field_simp' tactic does nothing

Note: This linter can be disabled with `set_option linter.unusedTactic false`
warning: Solutions/Sol_gsimple_g_m_perfect.lean:287:6: '(rw [← hu, yy_sub_mk c l j k h]; exact key)' tactic does nothing

Note: This linter can be disabled with `set_option linter.unusedTactic false`
ℹ [7218/7218] Replayed Solutions.Check_gsimple_g_m_perfect
info: Solutions/Check_gsimple_g_m_perfect.lean:8:0: 'solution' depends on axioms: [propext, Classical.choice, Quot.sound]
Build completed successfully (7218 jobs).
